// Jest Snapshot v1, https://goo.gl/fbAQLP

exports[`LikeButton should match the snapshot 1`] = `
<div>
  <div
    class="Like-Button-Container"
  >
    <input
      alt="Like"
      class="Heart-Button"
      src="./assets/red-heart.svg"
      type="image"
    />
    <div
      class="centered"
    >
      1
    </div>
  </div>
</div>
`;
