// Jest Snapshot v1, https://goo.gl/fbAQLP

exports[`NavBar should match the snapshot 1`] = `
<div>
  <div
    class="Nav-Bar-Container"
  >
    My  
    <strong>
       Record 
    </strong>
      Shelf
  </div>
</div>
`;
