// Jest Snapshot v1, https://goo.gl/fbAQLP

exports[`SongCard Should match the snapshot 1`] = `
<div>
  <div
    class="Card-Container-1"
  >
    <img
      alt="poster"
      class="Image-Container"
      src="Url"
    />
    <p
      class="Song-Name"
    >
      songe_Name
    </p>
    <span
      class="Artist-Name"
    >
      Artist_Name
    </span>
    <div
      class="Like-Button-Container"
    >
      <input
        alt="Like"
        class="Heart-Button"
        src="./assets/red-heart.svg"
        type="image"
      />
      <div
        class="centered"
      >
        1
      </div>
    </div>
  </div>
</div>
`;
